../Core/Inc/printf_redir.h:17:5:__io_putchar	16	static
../Core/Inc/mpu6050.h:56:6:MPU6050_Init	32	static
../Core/Inc/mpu6050.h:88:6:MPU6050_Read_Accel	40	static
../Core/Inc/mpu6050.h:108:6:MPU6050_Read_Gyro	40	static
../Core/Inc/mpu6050.h:124:6:MPU6050_update_data	16	static
../Core/Inc/ankle_motors.h:19:6:hip_start_motors	4	static
../Core/Inc/ankle_motors.h:24:6:hip_stop_motors	4	static
../Core/Inc/ankle_motors.h:29:6:hip_zero_positions	4	static
../Core/Inc/ankle_motors.h:34:6:hip_set_modes	16	static
../Core/Inc/ankle_motors.h:39:6:hip_set_position_goals	4	static
../Core/Inc/ankle_motors.h:45:6:hip_set_torque_goals	4	static
../Core/Inc/ankle_motors.h:51:6:hip_set_speed_goals	4	static
../Core/Src/freertos.c:78:6:vApplicationGetIdleTaskMemory	24	static
../Core/Src/freertos.c:92:6:MX_FREERTOS_Init	128	static
../Core/Src/freertos.c:143:6:mpu	16	static
../Core/Src/freertos.c:162:6:print_to_usb	16	static
../Core/Src/freertos.c:186:6:hip_motor	16	static
../Core/Src/freertos.c:204:6:ankle_motor	16	static
